// Jest Snapshot v1, https://goo.gl/fbAQLP

exports[`canvas react component should render and match snapshot 1`] = `<div />`;
